<?xml version="1.0" encoding="ISO-8859-1" ?>
<link_info>
   <banner>MSP430 Linker PC v18.1.4.LTS</banner>
   <copyright>Copyright (c) 2003-2018 Texas Instruments Incorporated</copyright>
   <link_time>0x5d8949ed</link_time>
   <link_errors>0x0</link_errors>
   <output_file>LED_BLINKER.out</output_file>
   <entry_point>
      <name>_c_int00_noargs</name>
      <address>0xd564</address>
   </entry_point>
   <input_file_list>
      <input_file id="fl-2">
         <path>.\</path>
         <kind>object</kind>
         <file>blink.obj</file>
         <name>blink.obj</name>
      </input_file>
      <input_file id="fl-7">
         <kind>object</kind>
         <file>&lt;internal&gt;</file>
         <name>&lt;internal&gt;</name>
      </input_file>
      <input_file id="fl-1d">
         <path>C:\ti\ccsv8\tools\compiler\ti-cgt-msp430_18.1.4.LTS\lib\</path>
         <kind>archive</kind>
         <file>rts430x_lc_sd_eabi.lib</file>
         <name>int45.asm.obj</name>
      </input_file>
      <input_file id="fl-1e">
         <path>C:\ti\ccsv8\tools\compiler\ti-cgt-msp430_18.1.4.LTS\lib\</path>
         <kind>archive</kind>
         <file>rts430x_lc_sd_eabi.lib</file>
         <name>int46.asm.obj</name>
      </input_file>
      <input_file id="fl-1f">
         <path>C:\ti\ccsv8\tools\compiler\ti-cgt-msp430_18.1.4.LTS\lib\</path>
         <kind>archive</kind>
         <file>rts430x_lc_sd_eabi.lib</file>
         <name>int47.asm.obj</name>
      </input_file>
      <input_file id="fl-20">
         <path>C:\ti\ccsv8\tools\compiler\ti-cgt-msp430_18.1.4.LTS\lib\</path>
         <kind>archive</kind>
         <file>rts430x_lc_sd_eabi.lib</file>
         <name>int48.asm.obj</name>
      </input_file>
      <input_file id="fl-21">
         <path>C:\ti\ccsv8\tools\compiler\ti-cgt-msp430_18.1.4.LTS\lib\</path>
         <kind>archive</kind>
         <file>rts430x_lc_sd_eabi.lib</file>
         <name>int49.asm.obj</name>
      </input_file>
      <input_file id="fl-22">
         <path>C:\ti\ccsv8\tools\compiler\ti-cgt-msp430_18.1.4.LTS\lib\</path>
         <kind>archive</kind>
         <file>rts430x_lc_sd_eabi.lib</file>
         <name>int50.asm.obj</name>
      </input_file>
      <input_file id="fl-23">
         <path>C:\ti\ccsv8\tools\compiler\ti-cgt-msp430_18.1.4.LTS\lib\</path>
         <kind>archive</kind>
         <file>rts430x_lc_sd_eabi.lib</file>
         <name>int51.asm.obj</name>
      </input_file>
      <input_file id="fl-24">
         <path>C:\ti\ccsv8\tools\compiler\ti-cgt-msp430_18.1.4.LTS\lib\</path>
         <kind>archive</kind>
         <file>rts430x_lc_sd_eabi.lib</file>
         <name>int52.asm.obj</name>
      </input_file>
      <input_file id="fl-25">
         <path>C:\ti\ccsv8\tools\compiler\ti-cgt-msp430_18.1.4.LTS\lib\</path>
         <kind>archive</kind>
         <file>rts430x_lc_sd_eabi.lib</file>
         <name>int53.asm.obj</name>
      </input_file>
      <input_file id="fl-26">
         <path>C:\ti\ccsv8\tools\compiler\ti-cgt-msp430_18.1.4.LTS\lib\</path>
         <kind>archive</kind>
         <file>rts430x_lc_sd_eabi.lib</file>
         <name>int54.asm.obj</name>
      </input_file>
      <input_file id="fl-27">
         <path>C:\ti\ccsv8\tools\compiler\ti-cgt-msp430_18.1.4.LTS\lib\</path>
         <kind>archive</kind>
         <file>rts430x_lc_sd_eabi.lib</file>
         <name>int55.asm.obj</name>
      </input_file>
      <input_file id="fl-28">
         <path>C:\ti\ccsv8\tools\compiler\ti-cgt-msp430_18.1.4.LTS\lib\</path>
         <kind>archive</kind>
         <file>rts430x_lc_sd_eabi.lib</file>
         <name>int56.asm.obj</name>
      </input_file>
      <input_file id="fl-29">
         <path>C:\ti\ccsv8\tools\compiler\ti-cgt-msp430_18.1.4.LTS\lib\</path>
         <kind>archive</kind>
         <file>rts430x_lc_sd_eabi.lib</file>
         <name>int57.asm.obj</name>
      </input_file>
      <input_file id="fl-2a">
         <path>C:\ti\ccsv8\tools\compiler\ti-cgt-msp430_18.1.4.LTS\lib\</path>
         <kind>archive</kind>
         <file>rts430x_lc_sd_eabi.lib</file>
         <name>int58.asm.obj</name>
      </input_file>
      <input_file id="fl-2b">
         <path>C:\ti\ccsv8\tools\compiler\ti-cgt-msp430_18.1.4.LTS\lib\</path>
         <kind>archive</kind>
         <file>rts430x_lc_sd_eabi.lib</file>
         <name>isr_trap.asm.obj</name>
      </input_file>
      <input_file id="fl-2c">
         <path>C:\ti\ccsv8\tools\compiler\ti-cgt-msp430_18.1.4.LTS\lib\</path>
         <kind>archive</kind>
         <file>rts430x_lc_sd_eabi.lib</file>
         <name>boot.c.obj</name>
      </input_file>
      <input_file id="fl-2d">
         <path>C:\ti\ccsv8\tools\compiler\ti-cgt-msp430_18.1.4.LTS\lib\</path>
         <kind>archive</kind>
         <file>rts430x_lc_sd_eabi.lib</file>
         <name>autoinit.c.obj</name>
      </input_file>
      <input_file id="fl-2e">
         <path>C:\ti\ccsv8\tools\compiler\ti-cgt-msp430_18.1.4.LTS\lib\</path>
         <kind>archive</kind>
         <file>rts430x_lc_sd_eabi.lib</file>
         <name>copy_zero_init.c.obj</name>
      </input_file>
      <input_file id="fl-2f">
         <path>C:\ti\ccsv8\tools\compiler\ti-cgt-msp430_18.1.4.LTS\lib\</path>
         <kind>archive</kind>
         <file>rts430x_lc_sd_eabi.lib</file>
         <name>cpy_tbl.c.obj</name>
      </input_file>
      <input_file id="fl-30">
         <path>C:\ti\ccsv8\tools\compiler\ti-cgt-msp430_18.1.4.LTS\lib\</path>
         <kind>archive</kind>
         <file>rts430x_lc_sd_eabi.lib</file>
         <name>mpu_init.c.obj</name>
      </input_file>
      <input_file id="fl-31">
         <path>C:\ti\ccsv8\tools\compiler\ti-cgt-msp430_18.1.4.LTS\lib\</path>
         <kind>archive</kind>
         <file>rts430x_lc_sd_eabi.lib</file>
         <name>pre_init.c.obj</name>
      </input_file>
      <input_file id="fl-32">
         <path>C:\ti\ccsv8\tools\compiler\ti-cgt-msp430_18.1.4.LTS\lib\</path>
         <kind>archive</kind>
         <file>rts430x_lc_sd_eabi.lib</file>
         <name>startup.c.obj</name>
      </input_file>
      <input_file id="fl-33">
         <path>C:\ti\ccsv8\tools\compiler\ti-cgt-msp430_18.1.4.LTS\lib\</path>
         <kind>archive</kind>
         <file>rts430x_lc_sd_eabi.lib</file>
         <name>copy_decompress_none.c.obj</name>
      </input_file>
      <input_file id="fl-34">
         <path>C:\ti\ccsv8\tools\compiler\ti-cgt-msp430_18.1.4.LTS\lib\</path>
         <kind>archive</kind>
         <file>rts430x_lc_sd_eabi.lib</file>
         <name>copy_decompress_lzss.c.obj</name>
      </input_file>
      <input_file id="fl-35">
         <path>C:\ti\ccsv8\tools\compiler\ti-cgt-msp430_18.1.4.LTS\lib\</path>
         <kind>archive</kind>
         <file>rts430x_lc_sd_eabi.lib</file>
         <name>exit.c.obj</name>
      </input_file>
      <input_file id="fl-36">
         <path>C:\ti\ccsv8\tools\compiler\ti-cgt-msp430_18.1.4.LTS\lib\</path>
         <kind>archive</kind>
         <file>rts430x_lc_sd_eabi.lib</file>
         <name>_lock.c.obj</name>
      </input_file>
      <input_file id="fl-37">
         <path>C:\ti\ccsv8\tools\compiler\ti-cgt-msp430_18.1.4.LTS\lib\</path>
         <kind>archive</kind>
         <file>rts430x_lc_sd_eabi.lib</file>
         <name>args_main.c.obj</name>
      </input_file>
      <input_file id="fl-38">
         <path>C:\ti\ccsv8\tools\compiler\ti-cgt-msp430_18.1.4.LTS\lib\</path>
         <kind>archive</kind>
         <file>rts430x_lc_sd_eabi.lib</file>
         <name>defs.c.obj</name>
      </input_file>
      <input_file id="fl-39">
         <path>C:\ti\ccsv8\tools\compiler\ti-cgt-msp430_18.1.4.LTS\lib\</path>
         <kind>archive</kind>
         <file>rts430x_lc_sd_eabi.lib</file>
         <name>fflush.c.obj</name>
      </input_file>
      <input_file id="fl-3a">
         <path>C:\ti\ccsv8\tools\compiler\ti-cgt-msp430_18.1.4.LTS\lib\</path>
         <kind>archive</kind>
         <file>rts430x_lc_sd_eabi.lib</file>
         <name>memcpy.c.obj</name>
      </input_file>
      <input_file id="fl-3b">
         <path>C:\ti\ccsv8\tools\compiler\ti-cgt-msp430_18.1.4.LTS\lib\</path>
         <kind>archive</kind>
         <file>rts430x_lc_sd_eabi.lib</file>
         <name>printf.c.obj</name>
      </input_file>
      <input_file id="fl-3c">
         <path>C:\ti\ccsv8\tools\compiler\ti-cgt-msp430_18.1.4.LTS\lib\</path>
         <kind>archive</kind>
         <file>rts430x_lc_sd_eabi.lib</file>
         <name>write.c.obj</name>
      </input_file>
      <input_file id="fl-3d">
         <path>C:\ti\ccsv8\tools\compiler\ti-cgt-msp430_18.1.4.LTS\lib\</path>
         <kind>archive</kind>
         <file>rts430x_lc_sd_eabi.lib</file>
         <name>cpy_util.asm.obj</name>
      </input_file>
      <input_file id="fl-3e">
         <path>C:\ti\ccsv8\tools\compiler\ti-cgt-msp430_18.1.4.LTS\lib\</path>
         <kind>archive</kind>
         <file>rts430x_lc_sd_eabi.lib</file>
         <name>mult16.asm.obj</name>
      </input_file>
      <input_file id="fl-3f">
         <path>C:\ti\ccsv8\tools\compiler\ti-cgt-msp430_18.1.4.LTS\lib\</path>
         <kind>archive</kind>
         <file>rts430x_lc_sd_eabi.lib</file>
         <name>exit_gvars.c.obj</name>
      </input_file>
      <input_file id="fl-40">
         <path>C:\ti\ccsv8\tools\compiler\ti-cgt-msp430_18.1.4.LTS\lib\</path>
         <kind>archive</kind>
         <file>rts430x_lc_sd_eabi.lib</file>
         <name>_printfi_min.c.obj</name>
      </input_file>
      <input_file id="fl-41">
         <path>C:\ti\ccsv8\tools\compiler\ti-cgt-msp430_18.1.4.LTS\lib\</path>
         <kind>archive</kind>
         <file>rts430x_lc_sd_eabi.lib</file>
         <name>fputc.c.obj</name>
      </input_file>
      <input_file id="fl-42">
         <path>C:\ti\ccsv8\tools\compiler\ti-cgt-msp430_18.1.4.LTS\lib\</path>
         <kind>archive</kind>
         <file>rts430x_lc_sd_eabi.lib</file>
         <name>fputs.c.obj</name>
      </input_file>
      <input_file id="fl-43">
         <path>C:\ti\ccsv8\tools\compiler\ti-cgt-msp430_18.1.4.LTS\lib\</path>
         <kind>archive</kind>
         <file>rts430x_lc_sd_eabi.lib</file>
         <name>memccpy.c.obj</name>
      </input_file>
      <input_file id="fl-44">
         <path>C:\ti\ccsv8\tools\compiler\ti-cgt-msp430_18.1.4.LTS\lib\</path>
         <kind>archive</kind>
         <file>rts430x_lc_sd_eabi.lib</file>
         <name>memchr.c.obj</name>
      </input_file>
      <input_file id="fl-45">
         <path>C:\ti\ccsv8\tools\compiler\ti-cgt-msp430_18.1.4.LTS\lib\</path>
         <kind>archive</kind>
         <file>rts430x_lc_sd_eabi.lib</file>
         <name>memset.c.obj</name>
      </input_file>
      <input_file id="fl-46">
         <path>C:\ti\ccsv8\tools\compiler\ti-cgt-msp430_18.1.4.LTS\lib\</path>
         <kind>archive</kind>
         <file>rts430x_lc_sd_eabi.lib</file>
         <name>strlen.c.obj</name>
      </input_file>
      <input_file id="fl-47">
         <path>C:\ti\ccsv8\tools\compiler\ti-cgt-msp430_18.1.4.LTS\lib\</path>
         <kind>archive</kind>
         <file>rts430x_lc_sd_eabi.lib</file>
         <name>hostclose.c.obj</name>
      </input_file>
      <input_file id="fl-48">
         <path>C:\ti\ccsv8\tools\compiler\ti-cgt-msp430_18.1.4.LTS\lib\</path>
         <kind>archive</kind>
         <file>rts430x_lc_sd_eabi.lib</file>
         <name>hostlseek.c.obj</name>
      </input_file>
      <input_file id="fl-49">
         <path>C:\ti\ccsv8\tools\compiler\ti-cgt-msp430_18.1.4.LTS\lib\</path>
         <kind>archive</kind>
         <file>rts430x_lc_sd_eabi.lib</file>
         <name>hostopen.c.obj</name>
      </input_file>
      <input_file id="fl-4a">
         <path>C:\ti\ccsv8\tools\compiler\ti-cgt-msp430_18.1.4.LTS\lib\</path>
         <kind>archive</kind>
         <file>rts430x_lc_sd_eabi.lib</file>
         <name>hostread.c.obj</name>
      </input_file>
      <input_file id="fl-4b">
         <path>C:\ti\ccsv8\tools\compiler\ti-cgt-msp430_18.1.4.LTS\lib\</path>
         <kind>archive</kind>
         <file>rts430x_lc_sd_eabi.lib</file>
         <name>hostrename.c.obj</name>
      </input_file>
      <input_file id="fl-4c">
         <path>C:\ti\ccsv8\tools\compiler\ti-cgt-msp430_18.1.4.LTS\lib\</path>
         <kind>archive</kind>
         <file>rts430x_lc_sd_eabi.lib</file>
         <name>hostunlink.c.obj</name>
      </input_file>
      <input_file id="fl-4d">
         <path>C:\ti\ccsv8\tools\compiler\ti-cgt-msp430_18.1.4.LTS\lib\</path>
         <kind>archive</kind>
         <file>rts430x_lc_sd_eabi.lib</file>
         <name>hostwrite.c.obj</name>
      </input_file>
      <input_file id="fl-4e">
         <path>C:\ti\ccsv8\tools\compiler\ti-cgt-msp430_18.1.4.LTS\lib\</path>
         <kind>archive</kind>
         <file>rts430x_lc_sd_eabi.lib</file>
         <name>trgmsg.c.obj</name>
      </input_file>
      <input_file id="fl-4f">
         <path>C:\ti\ccsv8\tools\compiler\ti-cgt-msp430_18.1.4.LTS\lib\</path>
         <kind>archive</kind>
         <file>rts430x_lc_sd_eabi.lib</file>
         <name>div16u.asm.obj</name>
      </input_file>
      <input_file id="fl-50">
         <path>C:\ti\ccsv8\tools\compiler\ti-cgt-msp430_18.1.4.LTS\lib\</path>
         <kind>archive</kind>
         <file>rts430x_lc_sd_eabi.lib</file>
         <name>lsl32.asm.obj</name>
      </input_file>
      <input_file id="fl-51">
         <path>C:\ti\ccsv8\tools\compiler\ti-cgt-msp430_18.1.4.LTS\lib\</path>
         <kind>archive</kind>
         <file>rts430x_lc_sd_eabi.lib</file>
         <name>lsr64.c.obj</name>
      </input_file>
      <input_file id="fl-52">
         <path>C:\ti\ccsv8\tools\compiler\ti-cgt-msp430_18.1.4.LTS\lib\</path>
         <kind>archive</kind>
         <file>rts430x_lc_sd_eabi.lib</file>
         <name>_io_perm.c.obj</name>
      </input_file>
      <input_file id="fl-53">
         <path>C:\ti\ccsv8\tools\compiler\ti-cgt-msp430_18.1.4.LTS\lib\</path>
         <kind>archive</kind>
         <file>rts430x_lc_sd_eabi.lib</file>
         <name>fseek.c.obj</name>
      </input_file>
      <input_file id="fl-54">
         <path>C:\ti\ccsv8\tools\compiler\ti-cgt-msp430_18.1.4.LTS\lib\</path>
         <kind>archive</kind>
         <file>rts430x_lc_sd_eabi.lib</file>
         <name>lseek.c.obj</name>
      </input_file>
      <input_file id="fl-55">
         <path>C:\ti\ccsv8\tools\compiler\ti-cgt-msp430_18.1.4.LTS\lib\</path>
         <kind>archive</kind>
         <file>rts430x_lc_sd_eabi.lib</file>
         <name>setvbuf.c.obj</name>
      </input_file>
      <input_file id="fl-56">
         <path>C:\ti\ccsv8\tools\compiler\ti-cgt-msp430_18.1.4.LTS\lib\</path>
         <kind>archive</kind>
         <file>rts430x_lc_sd_eabi.lib</file>
         <name>strcpy.c.obj</name>
      </input_file>
      <input_file id="fl-57">
         <path>C:\ti\ccsv8\tools\compiler\ti-cgt-msp430_18.1.4.LTS\lib\</path>
         <kind>archive</kind>
         <file>rts430x_lc_sd_eabi.lib</file>
         <name>memory.c.obj</name>
      </input_file>
      <input_file id="fl-58">
         <path>C:\ti\ccsv8\tools\compiler\ti-cgt-msp430_18.1.4.LTS\lib\</path>
         <kind>archive</kind>
         <file>rts430x_lc_sd_eabi.lib</file>
         <name>fopen.c.obj</name>
      </input_file>
      <input_file id="fl-59">
         <path>C:\ti\ccsv8\tools\compiler\ti-cgt-msp430_18.1.4.LTS\lib\</path>
         <kind>archive</kind>
         <file>rts430x_lc_sd_eabi.lib</file>
         <name>open.c.obj</name>
      </input_file>
      <input_file id="fl-5a">
         <path>C:\ti\ccsv8\tools\compiler\ti-cgt-msp430_18.1.4.LTS\lib\</path>
         <kind>archive</kind>
         <file>rts430x_lc_sd_eabi.lib</file>
         <name>fclose.c.obj</name>
      </input_file>
      <input_file id="fl-5b">
         <path>C:\ti\ccsv8\tools\compiler\ti-cgt-msp430_18.1.4.LTS\lib\</path>
         <kind>archive</kind>
         <file>rts430x_lc_sd_eabi.lib</file>
         <name>getdevice.c.obj</name>
      </input_file>
      <input_file id="fl-5c">
         <path>C:\ti\ccsv8\tools\compiler\ti-cgt-msp430_18.1.4.LTS\lib\</path>
         <kind>archive</kind>
         <file>rts430x_lc_sd_eabi.lib</file>
         <name>remove.c.obj</name>
      </input_file>
      <input_file id="fl-5d">
         <path>C:\ti\ccsv8\tools\compiler\ti-cgt-msp430_18.1.4.LTS\lib\</path>
         <kind>archive</kind>
         <file>rts430x_lc_sd_eabi.lib</file>
         <name>strchr.c.obj</name>
      </input_file>
      <input_file id="fl-5e">
         <path>C:\ti\ccsv8\tools\compiler\ti-cgt-msp430_18.1.4.LTS\lib\</path>
         <kind>archive</kind>
         <file>rts430x_lc_sd_eabi.lib</file>
         <name>strcmp.c.obj</name>
      </input_file>
      <input_file id="fl-5f">
         <path>C:\ti\ccsv8\tools\compiler\ti-cgt-msp430_18.1.4.LTS\lib\</path>
         <kind>archive</kind>
         <file>rts430x_lc_sd_eabi.lib</file>
         <name>strncpy.c.obj</name>
      </input_file>
      <input_file id="fl-60">
         <path>C:\ti\ccsv8\tools\compiler\ti-cgt-msp430_18.1.4.LTS\lib\</path>
         <kind>archive</kind>
         <file>rts430x_lc_sd_eabi.lib</file>
         <name>unlink.c.obj</name>
      </input_file>
      <input_file id="fl-61">
         <path>C:\ti\ccsv8\tools\compiler\ti-cgt-msp430_18.1.4.LTS\lib\</path>
         <kind>archive</kind>
         <file>rts430x_lc_sd_eabi.lib</file>
         <name>close.c.obj</name>
      </input_file>
   </input_file_list>
   <object_component_list>
      <object_component id="oc-63a">
         <name>.cinit..data.load</name>
         <load_address>0xc400</load_address>
         <run_address>0xc400</run_address>
         <size>0x134</size>
      </object_component>
      <object_component id="oc-637">
         <name>__TI_handler_table</name>
         <load_address>0xc536</load_address>
         <run_address>0xc536</run_address>
         <size>0xc</size>
      </object_component>
      <object_component id="oc-639">
         <name>.cinit..bss.load</name>
         <load_address>0xc542</load_address>
         <run_address>0xc542</run_address>
         <size>0x6</size>
      </object_component>
      <object_component id="oc-638">
         <name>__TI_cinit_table</name>
         <load_address>0xc548</load_address>
         <run_address>0xc548</run_address>
         <size>0x10</size>
      </object_component>
      <object_component id="oc-5cf">
         <name>.binit</name>
         <load_address>0xc558</load_address>
         <run_address>0xc558</run_address>
         <size>0x0</size>
      </object_component>
      <object_component id="oc-468">
         <name>.const:.string</name>
         <load_address>0xc558</load_address>
         <run_address>0xc558</run_address>
         <size>0x14</size>
         <input_file_ref idref="fl-40"/>
      </object_component>
      <object_component id="oc-323">
         <name>.const:.string</name>
         <load_address>0xc56c</load_address>
         <run_address>0xc56c</run_address>
         <size>0x4</size>
         <input_file_ref idref="fl-2"/>
      </object_component>
      <object_component id="oc-3f8">
         <name>.text:_setfield</name>
         <load_address>0xc570</load_address>
         <run_address>0xc570</run_address>
         <size>0x10e</size>
         <input_file_ref idref="fl-40"/>
      </object_component>
      <object_component id="oc-64">
         <name>.text:decompress:lzss:__TI_decompress_lzss</name>
         <load_address>0xc67e</load_address>
         <run_address>0xc67e</run_address>
         <size>0xee</size>
         <input_file_ref idref="fl-34"/>
      </object_component>
      <object_component id="oc-388">
         <name>.text:__TI_printfi_minimal</name>
         <load_address>0xc76c</load_address>
         <run_address>0xc76c</run_address>
         <size>0xe4</size>
         <input_file_ref idref="fl-40"/>
      </object_component>
      <object_component id="oc-3e4">
         <name>.text:fputs</name>
         <load_address>0xc850</load_address>
         <run_address>0xc850</run_address>
         <size>0xde</size>
         <input_file_ref idref="fl-42"/>
      </object_component>
      <object_component id="oc-499">
         <name>.text:setvbuf</name>
         <load_address>0xc92e</load_address>
         <run_address>0xc92e</run_address>
         <size>0xcc</size>
         <input_file_ref idref="fl-55"/>
      </object_component>
      <object_component id="oc-469">
         <name>.text:_pproc_diouxp</name>
         <load_address>0xc9fa</load_address>
         <run_address>0xc9fa</run_address>
         <size>0xc4</size>
         <input_file_ref idref="fl-40"/>
      </object_component>
      <object_component id="oc-4d4">
         <name>.text:malloc</name>
         <load_address>0xcabe</load_address>
         <run_address>0xcabe</run_address>
         <size>0xae</size>
         <input_file_ref idref="fl-57"/>
      </object_component>
      <object_component id="oc-3eb">
         <name>.text:fputc</name>
         <load_address>0xcb6c</load_address>
         <run_address>0xcb6c</run_address>
         <size>0x8c</size>
         <input_file_ref idref="fl-41"/>
      </object_component>
      <object_component id="oc-508">
         <name>.text:HOSTlseek</name>
         <load_address>0xcbf8</load_address>
         <run_address>0xcbf8</run_address>
         <size>0x82</size>
         <input_file_ref idref="fl-48"/>
      </object_component>
      <object_component id="oc-4ce">
         <name>.text:free</name>
         <load_address>0xcc7a</load_address>
         <run_address>0xcc7a</run_address>
         <size>0x80</size>
         <input_file_ref idref="fl-57"/>
      </object_component>
      <object_component id="oc-450">
         <name>.text:__TI_wrt_ok</name>
         <load_address>0xccfa</load_address>
         <run_address>0xccfa</run_address>
         <size>0x7a</size>
         <input_file_ref idref="fl-52"/>
      </object_component>
      <object_component id="oc-514">
         <name>.text:HOSTrename</name>
         <load_address>0xcd74</load_address>
         <run_address>0xcd74</run_address>
         <size>0x6a</size>
         <input_file_ref idref="fl-4b"/>
      </object_component>
      <object_component id="oc-359">
         <name>.text:__TI_auto_init_nobinit_nopinit_hold_wdt:__TI_auto_init_nobinit_nopinit_hold_wdt</name>
         <load_address>0xcdde</load_address>
         <run_address>0xcdde</run_address>
         <size>0x6a</size>
         <input_file_ref idref="fl-2d"/>
      </object_component>
      <object_component id="oc-493">
         <name>.text:fseek</name>
         <load_address>0xce48</load_address>
         <run_address>0xce48</run_address>
         <size>0x6a</size>
         <input_file_ref idref="fl-53"/>
      </object_component>
      <object_component id="oc-52e">
         <name>.text:__TI_closefile</name>
         <load_address>0xceb2</load_address>
         <run_address>0xceb2</run_address>
         <size>0x68</size>
         <input_file_ref idref="fl-5a"/>
      </object_component>
      <object_component id="oc-4f0">
         <name>.text:HOSTopen</name>
         <load_address>0xcf1a</load_address>
         <run_address>0xcf1a</run_address>
         <size>0x64</size>
         <input_file_ref idref="fl-49"/>
      </object_component>
      <object_component id="oc-39a">
         <name>.text:__TI_doflush</name>
         <load_address>0xcf7e</load_address>
         <run_address>0xcf7e</run_address>
         <size>0x62</size>
         <input_file_ref idref="fl-39"/>
      </object_component>
      <object_component id="oc-502">
         <name>.text:HOSTwrite</name>
         <load_address>0xcfe0</load_address>
         <run_address>0xcfe0</run_address>
         <size>0x60</size>
         <input_file_ref idref="fl-4d"/>
      </object_component>
      <object_component id="oc-4fc">
         <name>.text:HOSTread</name>
         <load_address>0xd040</load_address>
         <run_address>0xd040</run_address>
         <size>0x5e</size>
         <input_file_ref idref="fl-4a"/>
      </object_component>
      <object_component id="oc-32d">
         <name>.text:fflush</name>
         <load_address>0xd09e</load_address>
         <run_address>0xd09e</run_address>
         <size>0x54</size>
         <input_file_ref idref="fl-39"/>
      </object_component>
      <object_component id="oc-58d">
         <name>.text:getdevice</name>
         <load_address>0xd0f2</load_address>
         <run_address>0xd0f2</run_address>
         <size>0x54</size>
         <input_file_ref idref="fl-5b"/>
      </object_component>
      <object_component id="oc-565">
         <name>.text:close</name>
         <load_address>0xd146</load_address>
         <run_address>0xd146</run_address>
         <size>0x4a</size>
         <input_file_ref idref="fl-61"/>
      </object_component>
      <object_component id="oc-33b">
         <name>.text:exit</name>
         <load_address>0xd190</load_address>
         <run_address>0xd190</run_address>
         <size>0x48</size>
         <input_file_ref idref="fl-35"/>
      </object_component>
      <object_component id="oc-4f6">
         <name>.text:HOSTclose</name>
         <load_address>0xd1d8</load_address>
         <run_address>0xd1d8</run_address>
         <size>0x46</size>
         <input_file_ref idref="fl-47"/>
      </object_component>
      <object_component id="oc-50e">
         <name>.text:HOSTunlink</name>
         <load_address>0xd21e</load_address>
         <run_address>0xd21e</run_address>
         <size>0x42</size>
         <input_file_ref idref="fl-4c"/>
      </object_component>
      <object_component id="oc-28d">
         <name>.text:__memcpy_far</name>
         <load_address>0xd260</load_address>
         <run_address>0xd260</run_address>
         <size>0x40</size>
         <input_file_ref idref="fl-3d"/>
      </object_component>
      <object_component id="oc-324">
         <name>.text:printf</name>
         <load_address>0xd2a0</load_address>
         <run_address>0xd2a0</run_address>
         <size>0x40</size>
         <input_file_ref idref="fl-3b"/>
      </object_component>
      <object_component id="oc-29e">
         <name>.text:decompress:ZI:__TI_zero_init_nomemset:__TI_zero_init_nomemset</name>
         <load_address>0xd2e0</load_address>
         <run_address>0xd2e0</run_address>
         <size>0x3e</size>
         <input_file_ref idref="fl-2e"/>
      </object_component>
      <object_component id="oc-54d">
         <name>.text:l_lsl_const</name>
         <load_address>0xd31e</load_address>
         <run_address>0xd31e</run_address>
         <size>0x3e</size>
         <input_file_ref idref="fl-50"/>
      </object_component>
      <object_component id="oc-6a">
         <name>.text:decompress:none:__TI_decompress_none</name>
         <load_address>0xd35c</load_address>
         <run_address>0xd35c</run_address>
         <size>0x3c</size>
         <input_file_ref idref="fl-33"/>
      </object_component>
      <object_component id="oc-2f5">
         <name>.text:main</name>
         <load_address>0xd398</load_address>
         <run_address>0xd398</run_address>
         <size>0x3a</size>
         <input_file_ref idref="fl-2"/>
      </object_component>
      <object_component id="oc-527">
         <name>.text:minit</name>
         <load_address>0xd3d2</load_address>
         <run_address>0xd3d2</run_address>
         <size>0x38</size>
         <input_file_ref idref="fl-57"/>
      </object_component>
      <object_component id="oc-4da">
         <name>.text:__TI_cleanup</name>
         <load_address>0xd40a</load_address>
         <run_address>0xd40a</run_address>
         <size>0x32</size>
         <input_file_ref idref="fl-58"/>
      </object_component>
      <object_component id="oc-53a">
         <name>.text:__TI_writemsg</name>
         <load_address>0xd43c</load_address>
         <run_address>0xd43c</run_address>
         <size>0x2e</size>
         <input_file_ref idref="fl-4e"/>
      </object_component>
      <object_component id="oc-5ab">
         <name>.text:finddevice</name>
         <load_address>0xd46a</load_address>
         <run_address>0xd46a</run_address>
         <size>0x2e</size>
         <input_file_ref idref="fl-5b"/>
      </object_component>
      <object_component id="oc-540">
         <name>.text:__TI_readmsg</name>
         <load_address>0xd498</load_address>
         <run_address>0xd498</run_address>
         <size>0x2c</size>
         <input_file_ref idref="fl-4e"/>
      </object_component>
      <object_component id="oc-5a5">
         <name>.text:strncpy</name>
         <load_address>0xd4c4</load_address>
         <run_address>0xd4c4</run_address>
         <size>0x2c</size>
         <input_file_ref idref="fl-5f"/>
      </object_component>
      <object_component id="oc-56c">
         <name>.text:unlink</name>
         <load_address>0xd4f0</load_address>
         <run_address>0xd4f0</run_address>
         <size>0x2a</size>
         <input_file_ref idref="fl-60"/>
      </object_component>
      <object_component id="oc-4c6">
         <name>.text:lseek</name>
         <load_address>0xd51a</load_address>
         <run_address>0xd51a</run_address>
         <size>0x26</size>
         <input_file_ref idref="fl-54"/>
      </object_component>
      <object_component id="oc-417">
         <name>.text:write</name>
         <load_address>0xd540</load_address>
         <run_address>0xd540</run_address>
         <size>0x24</size>
         <input_file_ref idref="fl-3c"/>
      </object_component>
      <object_component id="oc-2b0">
         <name>.text:_isr:_c_int00_noargs</name>
         <load_address>0xd564</load_address>
         <run_address>0xd564</run_address>
         <size>0x1c</size>
         <input_file_ref idref="fl-2c"/>
      </object_component>
      <object_component id="oc-46f">
         <name>.text:memccpy</name>
         <load_address>0xd580</load_address>
         <run_address>0xd580</run_address>
         <size>0x1a</size>
         <input_file_ref idref="fl-43"/>
      </object_component>
      <object_component id="oc-59f">
         <name>.text:strchr</name>
         <load_address>0xd59a</load_address>
         <run_address>0xd59a</run_address>
         <size>0x1a</size>
         <input_file_ref idref="fl-5d"/>
      </object_component>
      <object_component id="oc-5be">
         <name>.text:strcmp</name>
         <load_address>0xd5b4</load_address>
         <run_address>0xd5b4</run_address>
         <size>0x18</size>
         <input_file_ref idref="fl-5e"/>
      </object_component>
      <object_component id="oc-4ab">
         <name>.text</name>
         <load_address>0xd5cc</load_address>
         <run_address>0xd5cc</run_address>
         <size>0x16</size>
         <input_file_ref idref="fl-4f"/>
      </object_component>
      <object_component id="oc-456">
         <name>.text:memchr</name>
         <load_address>0xd5e2</load_address>
         <run_address>0xd5e2</run_address>
         <size>0x14</size>
         <input_file_ref idref="fl-44"/>
      </object_component>
      <object_component id="oc-462">
         <name>.text:memset</name>
         <load_address>0xd5f6</load_address>
         <run_address>0xd5f6</run_address>
         <size>0x14</size>
         <input_file_ref idref="fl-45"/>
      </object_component>
      <object_component id="oc-43b">
         <name>.text</name>
         <load_address>0xd60a</load_address>
         <run_address>0xd60a</run_address>
         <size>0x14</size>
         <input_file_ref idref="fl-3e"/>
      </object_component>
      <object_component id="oc-440">
         <name>.text:memcpy</name>
         <load_address>0xd61e</load_address>
         <run_address>0xd61e</run_address>
         <size>0x12</size>
         <input_file_ref idref="fl-3a"/>
      </object_component>
      <object_component id="oc-556">
         <name>.text:strcpy</name>
         <load_address>0xd630</load_address>
         <run_address>0xd630</run_address>
         <size>0x10</size>
         <input_file_ref idref="fl-56"/>
      </object_component>
      <object_component id="oc-3f2">
         <name>.text:strlen</name>
         <load_address>0xd640</load_address>
         <run_address>0xd640</run_address>
         <size>0xe</size>
         <input_file_ref idref="fl-46"/>
      </object_component>
      <object_component id="oc-299">
         <name>.text:_isr:__TI_ISR_TRAP</name>
         <load_address>0xd64e</load_address>
         <run_address>0xd64e</run_address>
         <size>0x8</size>
         <input_file_ref idref="fl-2b"/>
      </object_component>
      <object_component id="oc-382">
         <name>.text:_outc</name>
         <load_address>0xd656</load_address>
         <run_address>0xd656</run_address>
         <size>0x6</size>
         <input_file_ref idref="fl-3b"/>
      </object_component>
      <object_component id="oc-335">
         <name>.text:abort</name>
         <load_address>0xd65c</load_address>
         <run_address>0xd65c</run_address>
         <size>0x6</size>
         <input_file_ref idref="fl-35"/>
      </object_component>
      <object_component id="oc-37c">
         <name>.text:_outs</name>
         <load_address>0xd662</load_address>
         <run_address>0xd662</run_address>
         <size>0x4</size>
         <input_file_ref idref="fl-3b"/>
      </object_component>
      <object_component id="oc-2ef">
         <name>.text:_system_pre_init</name>
         <load_address>0xd666</load_address>
         <run_address>0xd666</run_address>
         <size>0x4</size>
         <input_file_ref idref="fl-31"/>
      </object_component>
      <object_component id="oc-3db">
         <name>.text:_nop</name>
         <load_address>0xd66a</load_address>
         <run_address>0xd66a</run_address>
         <size>0x2</size>
         <input_file_ref idref="fl-36"/>
      </object_component>
      <object_component id="oc-3ba">
         <name>.text:_system_post_cinit</name>
         <load_address>0xd66c</load_address>
         <run_address>0xd66c</run_address>
         <size>0x2</size>
         <input_file_ref idref="fl-32"/>
      </object_component>
      <object_component id="oc-520">
         <name>.bss</name>
         <uninitialized>true</uninitialized>
         <run_address>0x22f6</run_address>
         <size>0x6</size>
         <input_file_ref idref="fl-57"/>
      </object_component>
      <object_component id="oc-56b">
         <name>.common:__TI_tmpnams</name>
         <uninitialized>true</uninitialized>
         <run_address>0x224e</run_address>
         <size>0xa0</size>
      </object_component>
      <object_component id="oc-537">
         <name>.common:parmbuf</name>
         <uninitialized>true</uninitialized>
         <run_address>0x22ee</run_address>
         <size>0x8</size>
      </object_component>
      <object_component id="oc-3af">
         <name>.data</name>
         <load_address>0x212a</load_address>
         <run_address>0x212a</run_address>
         <size>0x2</size>
         <input_file_ref idref="fl-35"/>
      </object_component>
      <object_component id="oc-379">
         <name>.data:_lock</name>
         <load_address>0x2120</load_address>
         <run_address>0x2120</run_address>
         <size>0x4</size>
         <input_file_ref idref="fl-36"/>
      </object_component>
      <object_component id="oc-38e">
         <name>.data:_unlock</name>
         <load_address>0x2124</load_address>
         <run_address>0x2124</run_address>
         <size>0x4</size>
         <input_file_ref idref="fl-36"/>
      </object_component>
      <object_component id="oc-32a">
         <name>.data:_ftable</name>
         <load_address>0x2078</load_address>
         <run_address>0x2078</run_address>
         <size>0x78</size>
         <input_file_ref idref="fl-38"/>
      </object_component>
      <object_component id="oc-397">
         <name>.data</name>
         <load_address>0x2128</load_address>
         <run_address>0x2128</run_address>
         <size>0x2</size>
         <input_file_ref idref="fl-38"/>
      </object_component>
      <object_component id="oc-4b3">
         <name>.data:_device</name>
         <load_address>0x2000</load_address>
         <run_address>0x2000</run_address>
         <size>0x78</size>
         <input_file_ref idref="fl-3c"/>
      </object_component>
      <object_component id="oc-482">
         <name>.data:_stream</name>
         <load_address>0x20f0</load_address>
         <run_address>0x20f0</run_address>
         <size>0x28</size>
         <input_file_ref idref="fl-3c"/>
      </object_component>
      <object_component id="oc-3b5">
         <name>.data:__TI_cleanup_ptr</name>
         <load_address>0x2118</load_address>
         <run_address>0x2118</run_address>
         <size>0x4</size>
         <input_file_ref idref="fl-3f"/>
      </object_component>
      <object_component id="oc-3b2">
         <name>.data:__TI_dtors_ptr</name>
         <load_address>0x211c</load_address>
         <run_address>0x211c</run_address>
         <size>0x4</size>
         <input_file_ref idref="fl-3f"/>
      </object_component>
      <object_component id="oc-524">
         <name>.data</name>
         <load_address>0x212c</load_address>
         <run_address>0x212c</run_address>
         <size>0x2</size>
         <input_file_ref idref="fl-57"/>
      </object_component>
      <object_component id="oc-576">
         <name>.cio</name>
         <uninitialized>true</uninitialized>
         <run_address>0x212e</run_address>
         <size>0x120</size>
         <input_file_ref idref="fl-4e"/>
      </object_component>
      <object_component id="oc-27f">
         <name>.sysmem</name>
         <uninitialized>true</uninitialized>
         <run_address>0x22fc</run_address>
         <size>0x4</size>
         <input_file_ref idref="fl-57"/>
      </object_component>
      <object_component id="oc-63c">
         <name>.sysmem</name>
         <uninitialized>true</uninitialized>
         <run_address>0x22fc</run_address>
         <size>0x0</size>
      </object_component>
      <object_component id="oc-27b">
         <name>.stack</name>
         <uninitialized>true</uninitialized>
         <run_address>0x2760</run_address>
         <size>0x2</size>
         <input_file_ref idref="fl-2c"/>
      </object_component>
      <object_component id="oc-63b">
         <name>.stack</name>
         <uninitialized>true</uninitialized>
         <run_address>0x2760</run_address>
         <size>0x0</size>
      </object_component>
      <object_component id="oc-70">
         <name>.int45</name>
         <load_address>0xffe2</load_address>
         <run_address>0xffe2</run_address>
         <size>0x2</size>
         <input_file_ref idref="fl-1d"/>
      </object_component>
      <object_component id="oc-71">
         <name>.int46</name>
         <load_address>0xffe4</load_address>
         <run_address>0xffe4</run_address>
         <size>0x2</size>
         <input_file_ref idref="fl-1e"/>
      </object_component>
      <object_component id="oc-72">
         <name>.int47</name>
         <load_address>0xffe6</load_address>
         <run_address>0xffe6</run_address>
         <size>0x2</size>
         <input_file_ref idref="fl-1f"/>
      </object_component>
      <object_component id="oc-73">
         <name>.int48</name>
         <load_address>0xffe8</load_address>
         <run_address>0xffe8</run_address>
         <size>0x2</size>
         <input_file_ref idref="fl-20"/>
      </object_component>
      <object_component id="oc-74">
         <name>.int49</name>
         <load_address>0xffea</load_address>
         <run_address>0xffea</run_address>
         <size>0x2</size>
         <input_file_ref idref="fl-21"/>
      </object_component>
      <object_component id="oc-75">
         <name>.int50</name>
         <load_address>0xffec</load_address>
         <run_address>0xffec</run_address>
         <size>0x2</size>
         <input_file_ref idref="fl-22"/>
      </object_component>
      <object_component id="oc-76">
         <name>.int51</name>
         <load_address>0xffee</load_address>
         <run_address>0xffee</run_address>
         <size>0x2</size>
         <input_file_ref idref="fl-23"/>
      </object_component>
      <object_component id="oc-77">
         <name>.int52</name>
         <load_address>0xfff0</load_address>
         <run_address>0xfff0</run_address>
         <size>0x2</size>
         <input_file_ref idref="fl-24"/>
      </object_component>
      <object_component id="oc-78">
         <name>.int53</name>
         <load_address>0xfff2</load_address>
         <run_address>0xfff2</run_address>
         <size>0x2</size>
         <input_file_ref idref="fl-25"/>
      </object_component>
      <object_component id="oc-79">
         <name>.int54</name>
         <load_address>0xfff4</load_address>
         <run_address>0xfff4</run_address>
         <size>0x2</size>
         <input_file_ref idref="fl-26"/>
      </object_component>
      <object_component id="oc-7a">
         <name>.int55</name>
         <load_address>0xfff6</load_address>
         <run_address>0xfff6</run_address>
         <size>0x2</size>
         <input_file_ref idref="fl-27"/>
      </object_component>
      <object_component id="oc-7b">
         <name>.int56</name>
         <load_address>0xfff8</load_address>
         <run_address>0xfff8</run_address>
         <size>0x2</size>
         <input_file_ref idref="fl-28"/>
      </object_component>
      <object_component id="oc-7c">
         <name>.int57</name>
         <load_address>0xfffa</load_address>
         <run_address>0xfffa</run_address>
         <size>0x2</size>
         <input_file_ref idref="fl-29"/>
      </object_component>
      <object_component id="oc-7d">
         <name>.int58</name>
         <load_address>0xfffc</load_address>
         <run_address>0xfffc</run_address>
         <size>0x2</size>
         <input_file_ref idref="fl-2a"/>
      </object_component>
      <object_component id="oc-27e">
         <name>.reset</name>
         <load_address>0xfffe</load_address>
         <run_address>0xfffe</run_address>
         <size>0x2</size>
         <input_file_ref idref="fl-2c"/>
      </object_component>
      <object_component id="oc-334">
         <name>.debug_info</name>
         <load_address>0x0</load_address>
         <run_address>0x0</run_address>
         <size>0x241</size>
         <input_file_ref idref="fl-2"/>
      </object_component>
      <object_component id="oc-2f6">
         <name>.debug_info</name>
         <load_address>0x241</load_address>
         <run_address>0x241</run_address>
         <size>0x11d</size>
         <input_file_ref idref="fl-2"/>
      </object_component>
      <object_component id="oc-3a4">
         <name>.debug_info</name>
         <load_address>0x35e</load_address>
         <run_address>0x35e</run_address>
         <size>0x26b</size>
         <input_file_ref idref="fl-2"/>
      </object_component>
      <object_component id="oc-288">
         <name>.debug_info</name>
         <load_address>0x5c9</load_address>
         <run_address>0x5c9</run_address>
         <size>0x84</size>
         <input_file_ref idref="fl-2"/>
      </object_component>
      <object_component id="oc-420">
         <name>.debug_info</name>
         <load_address>0x64d</load_address>
         <run_address>0x64d</run_address>
         <size>0x275</size>
         <input_file_ref idref="fl-2"/>
      </object_component>
      <object_component id="oc-3a9">
         <name>.debug_info</name>
         <load_address>0x8c2</load_address>
         <run_address>0x8c2</run_address>
         <size>0xcc</size>
         <input_file_ref idref="fl-2"/>
      </object_component>
      <object_component id="oc-400">
         <name>.debug_info</name>
         <load_address>0x98e</load_address>
         <run_address>0x98e</run_address>
         <size>0x2c</size>
         <input_file_ref idref="fl-2"/>
      </object_component>
      <object_component id="oc-29b">
         <name>.debug_info</name>
         <load_address>0x9ba</load_address>
         <run_address>0x9ba</run_address>
         <size>0x112</size>
         <input_file_ref idref="fl-2b"/>
      </object_component>
      <object_component id="oc-27c">
         <name>.debug_info</name>
         <load_address>0xacc</load_address>
         <run_address>0xacc</run_address>
         <size>0x100</size>
         <input_file_ref idref="fl-2c"/>
      </object_component>
      <object_component id="oc-2b4">
         <name>.debug_info</name>
         <load_address>0xbcc</load_address>
         <run_address>0xbcc</run_address>
         <size>0x17a</size>
         <input_file_ref idref="fl-2c"/>
      </object_component>
      <object_component id="oc-3c1">
         <name>.debug_info</name>
         <load_address>0xd46</load_address>
         <run_address>0xd46</run_address>
         <size>0x4a8</size>
         <input_file_ref idref="fl-2d"/>
      </object_component>
      <object_component id="oc-35b">
         <name>.debug_info</name>
         <load_address>0x11ee</load_address>
         <run_address>0x11ee</run_address>
         <size>0x216</size>
         <input_file_ref idref="fl-2d"/>
      </object_component>
      <object_component id="oc-431">
         <name>.debug_info</name>
         <load_address>0x1404</load_address>
         <run_address>0x1404</run_address>
         <size>0x39</size>
         <input_file_ref idref="fl-2d"/>
      </object_component>
      <object_component id="oc-448">
         <name>.debug_info</name>
         <load_address>0x143d</load_address>
         <run_address>0x143d</run_address>
         <size>0x2c</size>
         <input_file_ref idref="fl-2d"/>
      </object_component>
      <object_component id="oc-3cc">
         <name>.debug_info</name>
         <load_address>0x1469</load_address>
         <run_address>0x1469</run_address>
         <size>0x2c</size>
         <input_file_ref idref="fl-2d"/>
      </object_component>
      <object_component id="oc-436">
         <name>.debug_info</name>
         <load_address>0x1495</load_address>
         <run_address>0x1495</run_address>
         <size>0xcd</size>
         <input_file_ref idref="fl-2d"/>
      </object_component>
      <object_component id="oc-29f">
         <name>.debug_info</name>
         <load_address>0x1562</load_address>
         <run_address>0x1562</run_address>
         <size>0x1d3</size>
         <input_file_ref idref="fl-2e"/>
      </object_component>
      <object_component id="oc-2e9">
         <name>.debug_info</name>
         <load_address>0x1735</load_address>
         <run_address>0x1735</run_address>
         <size>0x46</size>
         <input_file_ref idref="fl-2e"/>
      </object_component>
      <object_component id="oc-313">
         <name>.debug_info</name>
         <load_address>0x177b</load_address>
         <run_address>0x177b</run_address>
         <size>0x2c</size>
         <input_file_ref idref="fl-2f"/>
      </object_component>
      <object_component id="oc-2f2">
         <name>.debug_info</name>
         <load_address>0x17a7</load_address>
         <run_address>0x17a7</run_address>
         <size>0x153</size>
         <input_file_ref idref="fl-31"/>
      </object_component>
      <object_component id="oc-3bb">
         <name>.debug_info</name>
         <load_address>0x18fa</load_address>
         <run_address>0x18fa</run_address>
         <size>0x150</size>
         <input_file_ref idref="fl-32"/>
      </object_component>
      <object_component id="oc-298">
         <name>.debug_info</name>
         <load_address>0x1a4a</load_address>
         <run_address>0x1a4a</run_address>
         <size>0x1da</size>
         <input_file_ref idref="fl-33"/>
      </object_component>
      <object_component id="oc-6c">
         <name>.debug_info</name>
         <load_address>0x1c24</load_address>
         <run_address>0x1c24</run_address>
         <size>0x1f2</size>
         <input_file_ref idref="fl-33"/>
      </object_component>
      <object_component id="oc-293">
         <name>.debug_info</name>
         <load_address>0x1e16</load_address>
         <run_address>0x1e16</run_address>
         <size>0x46</size>
         <input_file_ref idref="fl-33"/>
      </object_component>
      <object_component id="oc-65">
         <name>.debug_info</name>
         <load_address>0x1e5c</load_address>
         <run_address>0x1e5c</run_address>
         <size>0x2b8</size>
         <input_file_ref idref="fl-34"/>
      </object_component>
      <object_component id="oc-31d">
         <name>.debug_info</name>
         <load_address>0x2114</load_address>
         <run_address>0x2114</run_address>
         <size>0x46</size>
         <input_file_ref idref="fl-34"/>
      </object_component>
      <object_component id="oc-2df">
         <name>.debug_info</name>
         <load_address>0x215a</load_address>
         <run_address>0x215a</run_address>
         <size>0x39</size>
         <input_file_ref idref="fl-34"/>
      </object_component>
      <object_component id="oc-283">
         <name>.debug_info</name>
         <load_address>0x2193</load_address>
         <run_address>0x2193</run_address>
         <size>0x60</size>
         <input_file_ref idref="fl-34"/>
      </object_component>
      <object_component id="oc-3b9">
         <name>.debug_info</name>
         <load_address>0x21f3</load_address>
         <run_address>0x21f3</run_address>
         <size>0x22e</size>
         <input_file_ref idref="fl-35"/>
      </object_component>
      <object_component id="oc-3b0">
         <name>.debug_info</name>
         <load_address>0x2421</load_address>
         <run_address>0x2421</run_address>
         <size>0x132</size>
         <input_file_ref idref="fl-35"/>
      </object_component>
      <object_component id="oc-336">
         <name>.debug_info</name>
         <load_address>0x2553</load_address>
         <run_address>0x2553</run_address>
         <size>0x122</size>
         <input_file_ref idref="fl-35"/>
      </object_component>
      <object_component id="oc-33e">
         <name>.debug_info</name>
         <load_address>0x2675</load_address>
         <run_address>0x2675</run_address>
         <size>0x197</size>
         <input_file_ref idref="fl-35"/>
      </object_component>
      <object_component id="oc-3e3">
         <name>.debug_info</name>
         <load_address>0x280c</load_address>
         <run_address>0x280c</run_address>
         <size>0x163</size>
         <input_file_ref idref="fl-36"/>
      </object_component>
      <object_component id="oc-37a">
         <name>.debug_info</name>
         <load_address>0x296f</load_address>
         <run_address>0x296f</run_address>
         <size>0xff</size>
         <input_file_ref idref="fl-36"/>
      </object_component>
      <object_component id="oc-38f">
         <name>.debug_info</name>
         <load_address>0x2a6e</load_address>
         <run_address>0x2a6e</run_address>
         <size>0x103</size>
         <input_file_ref idref="fl-36"/>
      </object_component>
      <object_component id="oc-3dc">
         <name>.debug_info</name>
         <load_address>0x2b71</load_address>
         <run_address>0x2b71</run_address>
         <size>0x12e</size>
         <input_file_ref idref="fl-36"/>
      </object_component>
      <object_component id="oc-395">
         <name>.debug_info</name>
         <load_address>0x2c9f</load_address>
         <run_address>0x2c9f</run_address>
         <size>0x13e</size>
         <input_file_ref idref="fl-38"/>
      </object_component>
      <object_component id="oc-32b">
         <name>.debug_info</name>
         <load_address>0x2ddd</load_address>
         <run_address>0x2ddd</run_address>
         <size>0x102</size>
         <input_file_ref idref="fl-38"/>
      </object_component>
      <object_component id="oc-398">
         <name>.debug_info</name>
         <load_address>0x2edf</load_address>
         <run_address>0x2edf</run_address>
         <size>0x10a</size>
         <input_file_ref idref="fl-38"/>
      </object_component>
      <object_component id="oc-40e">
         <name>.debug_info</name>
         <load_address>0x2fe9</load_address>
         <run_address>0x2fe9</run_address>
         <size>0xb2</size>
         <input_file_ref idref="fl-38"/>
      </object_component>
      <object_component id="oc-3a1">
         <name>.debug_info</name>
         <load_address>0x309b</load_address>
         <run_address>0x309b</run_address>
         <size>0x21f</size>
         <input_file_ref idref="fl-39"/>
      </object_component>
      <object_component id="oc-39c">
         <name>.debug_info</name>
         <load_address>0x32ba</load_address>
         <run_address>0x32ba</run_address>
         <size>0x184</size>
         <input_file_ref idref="fl-39"/>
      </object_component>
      <object_component id="oc-331">
         <name>.debug_info</name>
         <load_address>0x343e</load_address>
         <run_address>0x343e</run_address>
         <size>0x1c8</size>
         <input_file_ref idref="fl-39"/>
      </object_component>
      <object_component id="oc-48b">
         <name>.debug_info</name>
         <load_address>0x3606</load_address>
         <run_address>0x3606</run_address>
         <size>0x181</size>
         <input_file_ref idref="fl-3a"/>
      </object_component>
      <object_component id="oc-443">
         <name>.debug_info</name>
         <load_address>0x3787</load_address>
         <run_address>0x3787</run_address>
         <size>0x17a</size>
         <input_file_ref idref="fl-3a"/>
      </object_component>
      <object_component id="oc-392">
         <name>.debug_info</name>
         <load_address>0x3901</load_address>
         <run_address>0x3901</run_address>
         <size>0x2bd</size>
         <input_file_ref idref="fl-3b"/>
      </object_component>
      <object_component id="oc-383">
         <name>.debug_info</name>
         <load_address>0x3bbe</load_address>
         <run_address>0x3bbe</run_address>
         <size>0x162</size>
         <input_file_ref idref="fl-3b"/>
      </object_component>
      <object_component id="oc-37d">
         <name>.debug_info</name>
         <load_address>0x3d20</load_address>
         <run_address>0x3d20</run_address>
         <size>0x166</size>
         <input_file_ref idref="fl-3b"/>
      </object_component>
      <object_component id="oc-325">
         <name>.debug_info</name>
         <load_address>0x3e86</load_address>
         <run_address>0x3e86</run_address>
         <size>0x184</size>
         <input_file_ref idref="fl-3b"/>
      </object_component>
      <object_component id="oc-486">
         <name>.debug_info</name>
         <load_address>0x400a</load_address>
         <run_address>0x400a</run_address>
         <size>0x3a8</size>
         <input_file_ref idref="fl-3c"/>
      </object_component>
      <object_component id="oc-4b4">
         <name>.debug_info</name>
         <load_address>0x43b2</load_address>
         <run_address>0x43b2</run_address>
         <size>0x103</size>
         <input_file_ref idref="fl-3c"/>
      </object_component>
      <object_component id="oc-483">
         <name>.debug_info</name>
         <load_address>0x44b5</load_address>
         <run_address>0x44b5</run_address>
         <size>0x103</size>
         <input_file_ref idref="fl-3c"/>
      </object_component>
      <object_component id="oc-418">
         <name>.debug_info</name>
         <load_address>0x45b8</load_address>
         <run_address>0x45b8</run_address>
         <size>0x189</size>
         <input_file_ref idref="fl-3c"/>
      </object_component>
      <object_component id="oc-4ba">
         <name>.debug_info</name>
         <load_address>0x4741</load_address>
         <run_address>0x4741</run_address>
         <size>0x120</size>
         <input_file_ref idref="fl-3c"/>
      </object_component>
      <object_component id="oc-4bf">
         <name>.debug_info</name>
         <load_address>0x4861</load_address>
         <run_address>0x4861</run_address>
         <size>0x2c</size>
         <input_file_ref idref="fl-3c"/>
      </object_component>
      <object_component id="oc-28f">
         <name>.debug_info</name>
         <load_address>0x488d</load_address>
         <run_address>0x488d</run_address>
         <size>0x124</size>
         <input_file_ref idref="fl-3d"/>
      </object_component>
      <object_component id="oc-43e">
         <name>.debug_info</name>
         <load_address>0x49b1</load_address>
         <run_address>0x49b1</run_address>
         <size>0x124</size>
         <input_file_ref idref="fl-3e"/>
      </object_component>
      <object_component id="oc-429">
         <name>.debug_info</name>
         <load_address>0x4ad5</load_address>
         <run_address>0x4ad5</run_address>
         <size>0x103</size>
         <input_file_ref idref="fl-3f"/>
      </object_component>
      <object_component id="oc-3b6">
         <name>.debug_info</name>
         <load_address>0x4bd8</load_address>
         <run_address>0x4bd8</run_address>
         <size>0x11a</size>
         <input_file_ref idref="fl-3f"/>
      </object_component>
      <object_component id="oc-3b3">
         <name>.debug_info</name>
         <load_address>0x4cf2</load_address>
         <run_address>0x4cf2</run_address>
         <size>0x116</size>
         <input_file_ref idref="fl-3f"/>
      </object_component>
      <object_component id="oc-3ff">
         <name>.debug_info</name>
         <load_address>0x4e08</load_address>
         <run_address>0x4e08</run_address>
         <size>0x39d</size>
         <input_file_ref idref="fl-40"/>
      </object_component>
      <object_component id="oc-46c">
         <name>.debug_info</name>
         <load_address>0x51a5</load_address>
         <run_address>0x51a5</run_address>
         <size>0x29b</size>
         <input_file_ref idref="fl-40"/>
      </object_component>
      <object_component id="oc-3fb">
         <name>.debug_info</name>
         <load_address>0x5440</load_address>
         <run_address>0x5440</run_address>
         <size>0x28f</size>
         <input_file_ref idref="fl-40"/>
      </object_component>
      <object_component id="oc-38b">
         <name>.debug_info</name>
         <load_address>0x56cf</load_address>
         <run_address>0x56cf</run_address>
         <size>0x308</size>
         <input_file_ref idref="fl-40"/>
      </object_component>
      <object_component id="oc-405">
         <name>.debug_info</name>
         <load_address>0x59d7</load_address>
         <run_address>0x59d7</run_address>
         <size>0x86</size>
         <input_file_ref idref="fl-40"/>
      </object_component>
      <object_component id="oc-47d">
         <name>.debug_info</name>
         <load_address>0x5a5d</load_address>
         <run_address>0x5a5d</run_address>
         <size>0x39</size>
         <input_file_ref idref="fl-40"/>
      </object_component>
      <object_component id="oc-478">
         <name>.debug_info</name>
         <load_address>0x5a96</load_address>
         <run_address>0x5a96</run_address>
         <size>0x2c</size>
         <input_file_ref idref="fl-40"/>
      </object_component>
      <object_component id="oc-45f">
         <name>.debug_info</name>
         <load_address>0x5ac2</load_address>
         <run_address>0x5ac2</run_address>
         <size>0x25b</size>
         <input_file_ref idref="fl-41"/>
      </object_component>
      <object_component id="oc-3ec">
         <name>.debug_info</name>
         <load_address>0x5d1d</load_address>
         <run_address>0x5d1d</run_address>
         <size>0x1d0</size>
         <input_file_ref idref="fl-41"/>
      </object_component>
      <object_component id="oc-45d">
         <name>.debug_info</name>
         <load_address>0x5eed</load_address>
         <run_address>0x5eed</run_address>
         <size>0x2d4</size>
         <input_file_ref idref="fl-42"/>
      </object_component>
      <object_component id="oc-3e7">
         <name>.debug_info</name>
         <load_address>0x61c1</load_address>
         <run_address>0x61c1</run_address>
         <size>0x2c7</size>
         <input_file_ref idref="fl-42"/>
      </object_component>
      <object_component id="oc-4b2">
         <name>.debug_info</name>
         <load_address>0x6488</load_address>
         <run_address>0x6488</run_address>
         <size>0x16e</size>
         <input_file_ref idref="fl-43"/>
      </object_component>
      <object_component id="oc-470">
         <name>.debug_info</name>
         <load_address>0x65f6</load_address>
         <run_address>0x65f6</run_address>
         <size>0x1b6</size>
         <input_file_ref idref="fl-43"/>
      </object_component>
      <object_component id="oc-4a2">
         <name>.debug_info</name>
         <load_address>0x67ac</load_address>
         <run_address>0x67ac</run_address>
         <size>0x178</size>
         <input_file_ref idref="fl-44"/>
      </object_component>
      <object_component id="oc-457">
         <name>.debug_info</name>
         <load_address>0x6924</load_address>
         <run_address>0x6924</run_address>
         <size>0x256</size>
         <input_file_ref idref="fl-44"/>
      </object_component>
      <object_component id="oc-4aa">
         <name>.debug_info</name>
         <load_address>0x6b7a</load_address>
         <run_address>0x6b7a</run_address>
         <size>0x16d</size>
         <input_file_ref idref="fl-45"/>
      </object_component>
      <object_component id="oc-464">
         <name>.debug_info</name>
         <load_address>0x6ce7</load_address>
         <run_address>0x6ce7</run_address>
         <size>0x27b</size>
         <input_file_ref idref="fl-45"/>
      </object_component>
      <object_component id="oc-461">
         <name>.debug_info</name>
         <load_address>0x6f62</load_address>
         <run_address>0x6f62</run_address>
         <size>0x162</size>
         <input_file_ref idref="fl-46"/>
      </object_component>
      <object_component id="oc-3f3">
         <name>.debug_info</name>
         <load_address>0x70c4</load_address>
         <run_address>0x70c4</run_address>
         <size>0x236</size>
         <input_file_ref idref="fl-46"/>
      </object_component>
      <object_component id="oc-548">
         <name>.debug_info</name>
         <load_address>0x72fa</load_address>
         <run_address>0x72fa</run_address>
         <size>0x24b</size>
         <input_file_ref idref="fl-47"/>
      </object_component>
      <object_component id="oc-4f7">
         <name>.debug_info</name>
         <load_address>0x7545</load_address>
         <run_address>0x7545</run_address>
         <size>0x1bc</size>
         <input_file_ref idref="fl-47"/>
      </object_component>
      <object_component id="oc-553">
         <name>.debug_info</name>
         <load_address>0x7701</load_address>
         <run_address>0x7701</run_address>
         <size>0x250</size>
         <input_file_ref idref="fl-48"/>
      </object_component>
      <object_component id="oc-50b">
         <name>.debug_info</name>
         <load_address>0x7951</load_address>
         <run_address>0x7951</run_address>
         <size>0x235</size>
         <input_file_ref idref="fl-48"/>
      </object_component>
      <object_component id="oc-538">
         <name>.debug_info</name>
         <load_address>0x7b86</load_address>
         <run_address>0x7b86</run_address>
         <size>0x27b</size>
         <input_file_ref idref="fl-49"/>
      </object_component>
      <object_component id="oc-4f1">
         <name>.debug_info</name>
         <load_address>0x7e01</load_address>
         <run_address>0x7e01</run_address>
         <size>0x20c</size>
         <input_file_ref idref="fl-49"/>
      </object_component>
      <object_component id="oc-54a">
         <name>.debug_info</name>
         <load_address>0x800d</load_address>
         <run_address>0x800d</run_address>
         <size>0x24f</size>
         <input_file_ref idref="fl-4a"/>
      </object_component>
      <object_component id="oc-4fe">
         <name>.debug_info</name>
         <load_address>0x825c</load_address>
         <run_address>0x825c</run_address>
         <size>0x1fb</size>
         <input_file_ref idref="fl-4a"/>
      </object_component>
      <object_component id="oc-55d">
         <name>.debug_info</name>
         <load_address>0x8457</load_address>
         <run_address>0x8457</run_address>
         <size>0x2ad</size>
         <input_file_ref idref="fl-4b"/>
      </object_component>
      <object_component id="oc-515">
         <name>.debug_info</name>
         <load_address>0x8704</load_address>
         <run_address>0x8704</run_address>
         <size>0x236</size>
         <input_file_ref idref="fl-4b"/>
      </object_component>
      <object_component id="oc-555">
         <name>.debug_info</name>
         <load_address>0x893a</load_address>
         <run_address>0x893a</run_address>
         <size>0x26e</size>
         <input_file_ref idref="fl-4c"/>
      </object_component>
      <object_component id="oc-50f">
         <name>.debug_info</name>
         <load_address>0x8ba8</load_address>
         <run_address>0x8ba8</run_address>
         <size>0x1c6</size>
         <input_file_ref idref="fl-4c"/>
      </object_component>
      <object_component id="oc-54c">
         <name>.debug_info</name>
         <load_address>0x8d6e</load_address>
         <run_address>0x8d6e</run_address>
         <size>0x250</size>
         <input_file_ref idref="fl-4d"/>
      </object_component>
      <object_component id="oc-504">
         <name>.debug_info</name>
         <load_address>0x8fbe</load_address>
         <run_address>0x8fbe</run_address>
         <size>0x200</size>
         <input_file_ref idref="fl-4d"/>
      </object_component>
      <object_component id="oc-57a">
         <name>.debug_info</name>
         <load_address>0x91be</load_address>
         <run_address>0x91be</run_address>
         <size>0x193</size>
         <input_file_ref idref="fl-4e"/>
      </object_component>
      <object_component id="oc-577">
         <name>.debug_info</name>
         <load_address>0x9351</load_address>
         <run_address>0x9351</run_address>
         <size>0x106</size>
         <input_file_ref idref="fl-4e"/>
      </object_component>
      <object_component id="oc-53e">
         <name>.debug_info</name>
         <load_address>0x9457</load_address>
         <run_address>0x9457</run_address>
         <size>0x1df</size>
         <input_file_ref idref="fl-4e"/>
      </object_component>
      <object_component id="oc-544">
         <name>.debug_info</name>
         <load_address>0x9636</load_address>
         <run_address>0x9636</run_address>
         <size>0x19a</size>
         <input_file_ref idref="fl-4e"/>
      </object_component>
      <object_component id="oc-4ad">
         <name>.debug_info</name>
         <load_address>0x97d0</load_address>
         <run_address>0x97d0</run_address>
         <size>0x124</size>
         <input_file_ref idref="fl-4f"/>
      </object_component>
      <object_component id="oc-54f">
         <name>.debug_info</name>
         <load_address>0x98f4</load_address>
         <run_address>0x98f4</run_address>
         <size>0x129</size>
         <input_file_ref idref="fl-50"/>
      </object_component>
      <object_component id="oc-4a0">
         <name>.debug_info</name>
         <load_address>0x9a1d</load_address>
         <run_address>0x9a1d</run_address>
         <size>0x1d8</size>
         <input_file_ref idref="fl-52"/>
      </object_component>
      <object_component id="oc-451">
         <name>.debug_info</name>
         <load_address>0x9bf5</load_address>
         <run_address>0x9bf5</run_address>
         <size>0x196</size>
         <input_file_ref idref="fl-52"/>
      </object_component>
      <object_component id="oc-4e2">
         <name>.debug_info</name>
         <load_address>0x9d8b</load_address>
         <run_address>0x9d8b</run_address>
         <size>0xbf</size>
         <input_file_ref idref="fl-52"/>
      </object_component>
      <object_component id="oc-4cd">
         <name>.debug_info</name>
         <load_address>0x9e4a</load_address>
         <run_address>0x9e4a</run_address>
         <size>0x1fc</size>
         <input_file_ref idref="fl-53"/>
      </object_component>
      <object_component id="oc-495">
         <name>.debug_info</name>
         <load_address>0xa046</load_address>
         <run_address>0xa046</run_address>
         <size>0x1e9</size>
         <input_file_ref idref="fl-53"/>
      </object_component>
      <object_component id="oc-51d">
         <name>.debug_info</name>
         <load_address>0xa22f</load_address>
         <run_address>0xa22f</run_address>
         <size>0x26f</size>
         <input_file_ref idref="fl-54"/>
      </object_component>
      <object_component id="oc-4c8">
         <name>.debug_info</name>
         <load_address>0xa49e</load_address>
         <run_address>0xa49e</run_address>
         <size>0x194</size>
         <input_file_ref idref="fl-54"/>
      </object_component>
      <object_component id="oc-4e1">
         <name>.debug_info</name>
         <load_address>0xa632</load_address>
         <run_address>0xa632</run_address>
         <size>0x24c</size>
         <input_file_ref idref="fl-55"/>
      </object_component>
      <object_component id="oc-49a">
         <name>.debug_info</name>
         <load_address>0xa87e</load_address>
         <run_address>0xa87e</run_address>
         <size>0x1fe</size>
         <input_file_ref idref="fl-55"/>
      </object_component>
      <object_component id="oc-588">
         <name>.debug_info</name>
         <load_address>0xaa7c</load_address>
         <run_address>0xaa7c</run_address>
         <size>0x17c</size>
         <input_file_ref idref="fl-56"/>
      </object_component>
      <object_component id="oc-559">
         <name>.debug_info</name>
         <load_address>0xabf8</load_address>
         <run_address>0xabf8</run_address>
         <size>0x252</size>
         <input_file_ref idref="fl-56"/>
      </object_component>
      <object_component id="oc-2de">
         <name>.debug_info</name>
         <load_address>0xae4a</load_address>
         <run_address>0xae4a</run_address>
         <size>0x21b</size>
         <input_file_ref idref="fl-57"/>
      </object_component>
      <object_component id="oc-280">
         <name>.debug_info</name>
         <load_address>0xb065</load_address>
         <run_address>0xb065</run_address>
         <size>0x10c</size>
         <input_file_ref idref="fl-57"/>
      </object_component>
      <object_component id="oc-521">
         <name>.debug_info</name>
         <load_address>0xb171</load_address>
         <run_address>0xb171</run_address>
         <size>0x143</size>
         <input_file_ref idref="fl-57"/>
      </object_component>
      <object_component id="oc-525">
         <name>.debug_info</name>
         <load_address>0xb2b4</load_address>
         <run_address>0xb2b4</run_address>
         <size>0x109</size>
         <input_file_ref idref="fl-57"/>
      </object_component>
      <object_component id="oc-4d0">
         <name>.debug_info</name>
         <load_address>0xb3bd</load_address>
         <run_address>0xb3bd</run_address>
         <size>0x1ab</size>
         <input_file_ref idref="fl-57"/>
      </object_component>
      <object_component id="oc-528">
         <name>.debug_info</name>
         <load_address>0xb568</load_address>
         <run_address>0xb568</run_address>
         <size>0x13b</size>
         <input_file_ref idref="fl-57"/>
      </object_component>
      <object_component id="oc-4d6">
         <name>.debug_info</name>
         <load_address>0xb6a3</load_address>
         <run_address>0xb6a3</run_address>
         <size>0x1cc</size>
         <input_file_ref idref="fl-57"/>
      </object_component>
      <object_component id="oc-374">
         <name>.debug_info</name>
         <load_address>0xb86f</load_address>
         <run_address>0xb86f</run_address>
         <size>0x2c</size>
         <input_file_ref idref="fl-57"/>
      </object_component>
      <object_component id="oc-318">
         <name>.debug_info</name>
         <load_address>0xb89b</load_address>
         <run_address>0xb89b</run_address>
         <size>0x6f</size>
         <input_file_ref idref="fl-57"/>
      </object_component>
      <object_component id="oc-4db">
         <name>.debug_info</name>
         <load_address>0xb90a</load_address>
         <run_address>0xb90a</run_address>
         <size>0x176</size>
         <input_file_ref idref="fl-58"/>
      </object_component>
      <object_component id="oc-573">
         <name>.debug_info</name>
         <load_address>0xba80</load_address>
         <run_address>0xba80</run_address>
         <size>0x27d</size>
         <input_file_ref idref="fl-5a"/>
      </object_component>
      <object_component id="oc-52f">
         <name>.debug_info</name>
         <load_address>0xbcfd</load_address>
         <run_address>0xbcfd</run_address>
         <size>0x1ed</size>
         <input_file_ref idref="fl-5a"/>
      </object_component>
      <object_component id="oc-5b2">
         <name>.debug_info</name>
         <load_address>0xbeea</load_address>
         <run_address>0xbeea</run_address>
         <size>0x304</size>
         <input_file_ref idref="fl-5b"/>
      </object_component>
      <object_component id="oc-5ac">
         <name>.debug_info</name>
         <load_address>0xc1ee</load_address>
         <run_address>0xc1ee</run_address>
         <size>0x192</size>
         <input_file_ref idref="fl-5b"/>
      </object_component>
      <object_component id="oc-58e">
         <name>.debug_info</name>
         <load_address>0xc380</load_address>
         <run_address>0xc380</run_address>
         <size>0x1eb</size>
         <input_file_ref idref="fl-5b"/>
      </object_component>
      <object_component id="oc-5b5">
         <name>.debug_info</name>
         <load_address>0xc56b</load_address>
         <run_address>0xc56b</run_address>
         <size>0xea</size>
         <input_file_ref idref="fl-5b"/>
      </object_component>
      <object_component id="oc-5bb">
         <name>.debug_info</name>
         <load_address>0xc655</load_address>
         <run_address>0xc655</run_address>
         <size>0x172</size>
         <input_file_ref idref="fl-5d"/>
      </object_component>
      <object_component id="oc-5a0">
         <name>.debug_info</name>
         <load_address>0xc7c7</load_address>
         <run_address>0xc7c7</run_address>
         <size>0x26e</size>
         <input_file_ref idref="fl-5d"/>
      </object_component>
      <object_component id="oc-5cc">
         <name>.debug_info</name>
         <load_address>0xca35</load_address>
         <run_address>0xca35</run_address>
         <size>0x162</size>
         <input_file_ref idref="fl-5e"/>
      </object_component>
      <object_component id="oc-5bf">
         <name>.debug_info</name>
         <load_address>0xcb97</load_address>
         <run_address>0xcb97</run_address>
         <size>0x279</size>
         <input_file_ref idref="fl-5e"/>
      </object_component>
      <object_component id="oc-5bd">
         <name>.debug_info</name>
         <load_address>0xce10</load_address>
         <run_address>0xce10</run_address>
         <size>0x17d</size>
         <input_file_ref idref="fl-5f"/>
      </object_component>
      <object_component id="oc-5a7">
         <name>.debug_info</name>
         <load_address>0xcf8d</load_address>
         <run_address>0xcf8d</run_address>
         <size>0x26c</size>
         <input_file_ref idref="fl-5f"/>
      </object_component>
      <object_component id="oc-594">
         <name>.debug_info</name>
         <load_address>0xd1f9</load_address>
         <run_address>0xd1f9</run_address>
         <size>0x2a9</size>
         <input_file_ref idref="fl-60"/>
      </object_component>
      <object_component id="oc-56d">
         <name>.debug_info</name>
         <load_address>0xd4a2</load_address>
         <run_address>0xd4a2</run_address>
         <size>0x1a5</size>
         <input_file_ref idref="fl-60"/>
      </object_component>
      <object_component id="oc-58c">
         <name>.debug_info</name>
         <load_address>0xd647</load_address>
         <run_address>0xd647</run_address>
         <size>0x2a7</size>
         <input_file_ref idref="fl-61"/>
      </object_component>
      <object_component id="oc-566">
         <name>.debug_info</name>
         <load_address>0xd8ee</load_address>
         <run_address>0xd8ee</run_address>
         <size>0x188</size>
         <input_file_ref idref="fl-61"/>
      </object_component>
      <object_component id="oc-63d">
         <name>.debug_info</name>
         <load_address>0xda76</load_address>
         <run_address>0xda76</run_address>
         <size>0xaa</size>
      </object_component>
      <object_component id="oc-3a3">
         <name>.debug_line</name>
         <load_address>0x0</load_address>
         <run_address>0x0</run_address>
         <size>0x9d</size>
         <input_file_ref idref="fl-2"/>
      </object_component>
      <object_component id="oc-2f9">
         <name>.debug_line</name>
         <load_address>0x9d</load_address>
         <run_address>0x9d</run_address>
         <size>0x4c</size>
         <input_file_ref idref="fl-2"/>
      </object_component>
      <object_component id="oc-3a7">
         <name>.debug_line</name>
         <load_address>0xe9</load_address>
         <run_address>0xe9</run_address>
         <size>0x6c</size>
         <input_file_ref idref="fl-2"/>
      </object_component>
      <object_component id="oc-28b">
         <name>.debug_line</name>
         <load_address>0x155</load_address>
         <run_address>0x155</run_address>
         <size>0x20</size>
         <input_file_ref idref="fl-2"/>
      </object_component>
      <object_component id="oc-423">
         <name>.debug_line</name>
         <load_address>0x175</load_address>
[...]
      </symbol>
      <symbol id="sm-1e8">
         <name>UCB0I2COA3_H</name>
         <value>0x55b</value>
      </symbol>
      <symbol id="sm-1e9">
         <name>UCB0ADDRX</name>
         <value>0x55c</value>
      </symbol>
      <symbol id="sm-1ea">
         <name>UCB0ADDRX_L</name>
         <value>0x55c</value>
      </symbol>
      <symbol id="sm-1eb">
         <name>UCB0ADDRX_H</name>
         <value>0x55d</value>
      </symbol>
      <symbol id="sm-1ec">
         <name>UCB0ADDMASK</name>
         <value>0x55e</value>
      </symbol>
      <symbol id="sm-1ed">
         <name>UCB0ADDMASK_L</name>
         <value>0x55e</value>
      </symbol>
      <symbol id="sm-1ee">
         <name>UCB0ADDMASK_H</name>
         <value>0x55f</value>
      </symbol>
      <symbol id="sm-1ef">
         <name>UCB0I2CSA</name>
         <value>0x560</value>
      </symbol>
      <symbol id="sm-1f0">
         <name>UCB0I2CSA_L</name>
         <value>0x560</value>
      </symbol>
      <symbol id="sm-1f1">
         <name>UCB0I2CSA_H</name>
         <value>0x561</value>
      </symbol>
      <symbol id="sm-1f2">
         <name>UCB0IE</name>
         <value>0x56a</value>
      </symbol>
      <symbol id="sm-1f3">
         <name>UCB0IE_L</name>
         <value>0x56a</value>
      </symbol>
      <symbol id="sm-1f4">
         <name>UCB0IE_H</name>
         <value>0x56b</value>
      </symbol>
      <symbol id="sm-1f5">
         <name>UCB0IFG</name>
         <value>0x56c</value>
      </symbol>
      <symbol id="sm-1f6">
         <name>UCB0IFG_L</name>
         <value>0x56c</value>
      </symbol>
      <symbol id="sm-1f7">
         <name>UCB0IFG_H</name>
         <value>0x56d</value>
      </symbol>
      <symbol id="sm-1f8">
         <name>UCB0IV</name>
         <value>0x56e</value>
      </symbol>
      <symbol id="sm-1f9">
         <name>WDTCTL</name>
         <value>0x1cc</value>
      </symbol>
      <symbol id="sm-1fa">
         <name>WDTCTL_L</name>
         <value>0x1cc</value>
      </symbol>
      <symbol id="sm-1fb">
         <name>WDTCTL_H</name>
         <value>0x1cd</value>
      </symbol>
      <symbol id="sm-1fc">
         <name>__TI_CINIT_Base</name>
         <value>0xc548</value>
      </symbol>
      <symbol id="sm-1fd">
         <name>__TI_CINIT_Limit</name>
         <value>0xc558</value>
      </symbol>
      <symbol id="sm-1fe">
         <name>__TI_Handler_Table_Base</name>
         <value>0xc536</value>
      </symbol>
      <symbol id="sm-1ff">
         <name>__TI_Handler_Table_Limit</name>
         <value>0xc542</value>
      </symbol>
      <symbol id="sm-200">
         <name>__STACK_SIZE</name>
         <value>0xa0</value>
      </symbol>
      <symbol id="sm-201">
         <name>__STACK_END</name>
         <value>0x2800</value>
      </symbol>
      <symbol id="sm-202">
         <name>__SYSMEM_SIZE</name>
         <value>0xa0</value>
      </symbol>
      <symbol id="sm-203">
         <name>__c_args__</name>
         <value>0xffffffff</value>
      </symbol>
      <symbol id="sm-204">
         <name>__TI_pprof_out_hndl</name>
         <value>0xffffffff</value>
      </symbol>
      <symbol id="sm-205">
         <name>__TI_prof_data_start</name>
         <value>0xffffffff</value>
      </symbol>
      <symbol id="sm-206">
         <name>__TI_prof_data_size</name>
         <value>0xffffffff</value>
      </symbol>
      <symbol id="sm-286">
         <name>main</name>
         <value>0xd398</value>
         <object_component_ref idref="oc-2f5"/>
      </symbol>
      <symbol id="sm-289">
         <name>__TI_int45</name>
         <value>0xffe2</value>
         <object_component_ref idref="oc-70"/>
      </symbol>
      <symbol id="sm-28c">
         <name>__TI_int46</name>
         <value>0xffe4</value>
         <object_component_ref idref="oc-71"/>
      </symbol>
      <symbol id="sm-28f">
         <name>__TI_int47</name>
         <value>0xffe6</value>
         <object_component_ref idref="oc-72"/>
      </symbol>
      <symbol id="sm-292">
         <name>__TI_int48</name>
         <value>0xffe8</value>
         <object_component_ref idref="oc-73"/>
      </symbol>
      <symbol id="sm-295">
         <name>__TI_int49</name>
         <value>0xffea</value>
         <object_component_ref idref="oc-74"/>
      </symbol>
      <symbol id="sm-298">
         <name>__TI_int50</name>
         <value>0xffec</value>
         <object_component_ref idref="oc-75"/>
      </symbol>
      <symbol id="sm-29b">
         <name>__TI_int51</name>
         <value>0xffee</value>
         <object_component_ref idref="oc-76"/>
      </symbol>
      <symbol id="sm-29e">
         <name>__TI_int52</name>
         <value>0xfff0</value>
         <object_component_ref idref="oc-77"/>
      </symbol>
      <symbol id="sm-2a1">
         <name>__TI_int53</name>
         <value>0xfff2</value>
         <object_component_ref idref="oc-78"/>
      </symbol>
      <symbol id="sm-2a4">
         <name>__TI_int54</name>
         <value>0xfff4</value>
         <object_component_ref idref="oc-79"/>
      </symbol>
      <symbol id="sm-2a7">
         <name>__TI_int55</name>
         <value>0xfff6</value>
         <object_component_ref idref="oc-7a"/>
      </symbol>
      <symbol id="sm-2aa">
         <name>__TI_int56</name>
         <value>0xfff8</value>
         <object_component_ref idref="oc-7b"/>
      </symbol>
      <symbol id="sm-2ad">
         <name>__TI_int57</name>
         <value>0xfffa</value>
         <object_component_ref idref="oc-7c"/>
      </symbol>
      <symbol id="sm-2b0">
         <name>__TI_int58</name>
         <value>0xfffc</value>
         <object_component_ref idref="oc-7d"/>
      </symbol>
      <symbol id="sm-2b8">
         <name>__TI_ISR_TRAP</name>
         <value>0xd64e</value>
         <object_component_ref idref="oc-299"/>
      </symbol>
      <symbol id="sm-2c8">
         <name>_stack</name>
         <value>0x2760</value>
         <object_component_ref idref="oc-27b"/>
      </symbol>
      <symbol id="sm-2c9">
         <name>_c_int00_noargs</name>
         <value>0xd564</value>
         <object_component_ref idref="oc-2b0"/>
      </symbol>
      <symbol id="sm-2ca">
         <name>_reset_vector</name>
         <value>0xfffe</value>
         <object_component_ref idref="oc-27e"/>
      </symbol>
      <symbol id="sm-2ec">
         <name>__TI_auto_init_nobinit_nopinit_hold_wdt</name>
         <value>0xcdde</value>
         <object_component_ref idref="oc-359"/>
      </symbol>
      <symbol id="sm-2fc">
         <name>__TI_zero_init_nomemset</name>
         <value>0xd2e0</value>
         <object_component_ref idref="oc-29e"/>
      </symbol>
      <symbol id="sm-30c">
         <name>_system_pre_init</name>
         <value>0xd666</value>
         <object_component_ref idref="oc-2ef"/>
      </symbol>
      <symbol id="sm-315">
         <name>_system_post_cinit</name>
         <value>0xd66c</value>
         <object_component_ref idref="oc-3ba"/>
      </symbol>
      <symbol id="sm-326">
         <name>__TI_decompress_none</name>
         <value>0xd35c</value>
         <object_component_ref idref="oc-6a"/>
      </symbol>
      <symbol id="sm-347">
         <name>__TI_decompress_lzss</name>
         <value>0xc67e</value>
         <object_component_ref idref="oc-64"/>
      </symbol>
      <symbol id="sm-364">
         <name>C$$EXIT</name>
         <value>0xd65c</value>
         <object_component_ref idref="oc-335"/>
      </symbol>
      <symbol id="sm-365">
         <name>abort</name>
         <value>0xd65c</value>
         <object_component_ref idref="oc-335"/>
      </symbol>
      <symbol id="sm-366">
         <name>__TI_enable_exit_profile_output</name>
         <value>0x212a</value>
         <object_component_ref idref="oc-3af"/>
      </symbol>
      <symbol id="sm-367">
         <name>exit</name>
         <value>0xd190</value>
         <object_component_ref idref="oc-33b"/>
      </symbol>
      <symbol id="sm-37d">
         <name>_nop</name>
         <value>0xd66a</value>
         <object_component_ref idref="oc-3db"/>
      </symbol>
      <symbol id="sm-37e">
         <name>_lock</name>
         <value>0x2120</value>
         <object_component_ref idref="oc-379"/>
      </symbol>
      <symbol id="sm-37f">
         <name>_unlock</name>
         <value>0x2124</value>
         <object_component_ref idref="oc-38e"/>
      </symbol>
      <symbol id="sm-395">
         <name>__TI_tmpnams</name>
         <value>0x224e</value>
      </symbol>
      <symbol id="sm-396">
         <name>_ftable</name>
         <value>0x2078</value>
         <object_component_ref idref="oc-32a"/>
      </symbol>
      <symbol id="sm-397">
         <name>__TI_ft_end</name>
         <value>0x2128</value>
         <object_component_ref idref="oc-397"/>
      </symbol>
      <symbol id="sm-3b3">
         <name>__TI_doflush</name>
         <value>0xcf7e</value>
         <object_component_ref idref="oc-39a"/>
      </symbol>
      <symbol id="sm-3b4">
         <name>fflush</name>
         <value>0xd09e</value>
         <object_component_ref idref="oc-32d"/>
      </symbol>
      <symbol id="sm-3c2">
         <name>memcpy</name>
         <value>0xd61e</value>
         <object_component_ref idref="oc-440"/>
      </symbol>
      <symbol id="sm-3e0">
         <name>printf</name>
         <value>0xd2a0</value>
         <object_component_ref idref="oc-324"/>
      </symbol>
      <symbol id="sm-401">
         <name>_stream</name>
         <value>0x20f0</value>
         <object_component_ref idref="oc-482"/>
      </symbol>
      <symbol id="sm-402">
         <name>_device</name>
         <value>0x2000</value>
         <object_component_ref idref="oc-4b3"/>
      </symbol>
      <symbol id="sm-403">
         <name>write</name>
         <value>0xd540</value>
         <object_component_ref idref="oc-417"/>
      </symbol>
      <symbol id="sm-40e">
         <name>__memcpy_far</name>
         <value>0xd260</value>
         <object_component_ref idref="oc-28d"/>
      </symbol>
      <symbol id="sm-418">
         <name>__mspabi_mpyi_sw</name>
         <value>0xd60a</value>
         <object_component_ref idref="oc-43b"/>
      </symbol>
      <symbol id="sm-419">
         <name>__mspabi_mpyi</name>
         <value>0xd60a</value>
         <object_component_ref idref="oc-43b"/>
      </symbol>
      <symbol id="sm-428">
         <name>__TI_dtors_ptr</name>
         <value>0x211c</value>
         <object_component_ref idref="oc-3b2"/>
      </symbol>
      <symbol id="sm-429">
         <name>__TI_cleanup_ptr</name>
         <value>0x2118</value>
         <object_component_ref idref="oc-3b5"/>
      </symbol>
      <symbol id="sm-477">
         <name>__TI_printfi_minimal</name>
         <value>0xc76c</value>
         <object_component_ref idref="oc-388"/>
      </symbol>
      <symbol id="sm-48a">
         <name>putc</name>
         <value>0xcb6c</value>
         <object_component_ref idref="oc-3eb"/>
      </symbol>
      <symbol id="sm-48b">
         <name>fputc</name>
         <value>0xcb6c</value>
         <object_component_ref idref="oc-3eb"/>
      </symbol>
      <symbol id="sm-4a3">
         <name>fputs</name>
         <value>0xc850</value>
         <object_component_ref idref="oc-3e4"/>
      </symbol>
      <symbol id="sm-4b2">
         <name>memccpy</name>
         <value>0xd580</value>
         <object_component_ref idref="oc-46f"/>
      </symbol>
      <symbol id="sm-4c1">
         <name>memchr</name>
         <value>0xd5e2</value>
         <object_component_ref idref="oc-456"/>
      </symbol>
      <symbol id="sm-4cf">
         <name>memset</name>
         <value>0xd5f6</value>
         <object_component_ref idref="oc-462"/>
      </symbol>
      <symbol id="sm-4dc">
         <name>strlen</name>
         <value>0xd640</value>
         <object_component_ref idref="oc-3f2"/>
      </symbol>
      <symbol id="sm-4e8">
         <name>HOSTclose</name>
         <value>0xd1d8</value>
         <object_component_ref idref="oc-4f6"/>
      </symbol>
      <symbol id="sm-4f4">
         <name>HOSTlseek</name>
         <value>0xcbf8</value>
         <object_component_ref idref="oc-508"/>
      </symbol>
      <symbol id="sm-502">
         <name>parmbuf</name>
         <value>0x22ee</value>
      </symbol>
      <symbol id="sm-503">
         <name>HOSTopen</name>
         <value>0xcf1a</value>
         <object_component_ref idref="oc-4f0"/>
      </symbol>
      <symbol id="sm-510">
         <name>HOSTread</name>
         <value>0xd040</value>
         <object_component_ref idref="oc-4fc"/>
      </symbol>
      <symbol id="sm-51c">
         <name>HOSTrename</name>
         <value>0xcd74</value>
         <object_component_ref idref="oc-514"/>
      </symbol>
      <symbol id="sm-528">
         <name>HOSTunlink</name>
         <value>0xd21e</value>
         <object_component_ref idref="oc-50e"/>
      </symbol>
      <symbol id="sm-535">
         <name>HOSTwrite</name>
         <value>0xcfe0</value>
         <object_component_ref idref="oc-502"/>
      </symbol>
      <symbol id="sm-553">
         <name>__TI_readmsg</name>
         <value>0xd498</value>
         <object_component_ref idref="oc-540"/>
      </symbol>
      <symbol id="sm-554">
         <name>C$$IO$$</name>
         <value>0xd466</value>
         <object_component_ref idref="oc-53a"/>
      </symbol>
      <symbol id="sm-555">
         <name>_CIOBUF_</name>
         <value>0x212e</value>
         <object_component_ref idref="oc-576"/>
      </symbol>
      <symbol id="sm-556">
         <name>__TI_writemsg</name>
         <value>0xd43c</value>
         <object_component_ref idref="oc-53a"/>
      </symbol>
      <symbol id="sm-560">
         <name>__mspabi_remu</name>
         <value>0xd5cc</value>
         <object_component_ref idref="oc-4ab"/>
      </symbol>
      <symbol id="sm-561">
         <name>__mspabi_divu</name>
         <value>0xd5cc</value>
         <object_component_ref idref="oc-4ab"/>
      </symbol>
      <symbol id="sm-569">
         <name>__mspabi_slll_9</name>
         <value>0xd336</value>
         <object_component_ref idref="oc-54d"/>
      </symbol>
      <symbol id="sm-56a">
         <name>__mspabi_slll_8</name>
         <value>0xd33a</value>
         <object_component_ref idref="oc-54d"/>
      </symbol>
      <symbol id="sm-56b">
         <name>__mspabi_slll_7</name>
         <value>0xd33e</value>
         <object_component_ref idref="oc-54d"/>
      </symbol>
      <symbol id="sm-56c">
         <name>__mspabi_slll_6</name>
         <value>0xd342</value>
         <object_component_ref idref="oc-54d"/>
      </symbol>
      <symbol id="sm-56d">
         <name>__mspabi_slll_5</name>
         <value>0xd346</value>
         <object_component_ref idref="oc-54d"/>
      </symbol>
      <symbol id="sm-56e">
         <name>__mspabi_slll_4</name>
         <value>0xd34a</value>
         <object_component_ref idref="oc-54d"/>
      </symbol>
      <symbol id="sm-56f">
         <name>__mspabi_slll_3</name>
         <value>0xd34e</value>
         <object_component_ref idref="oc-54d"/>
      </symbol>
      <symbol id="sm-570">
         <name>__mspabi_slll_2</name>
         <value>0xd352</value>
         <object_component_ref idref="oc-54d"/>
      </symbol>
      <symbol id="sm-571">
         <name>__mspabi_slll_1</name>
         <value>0xd356</value>
         <object_component_ref idref="oc-54d"/>
      </symbol>
      <symbol id="sm-572">
         <name>__mspabi_slll_15</name>
         <value>0xd31e</value>
         <object_component_ref idref="oc-54d"/>
      </symbol>
      <symbol id="sm-573">
         <name>__mspabi_slll_14</name>
         <value>0xd322</value>
         <object_component_ref idref="oc-54d"/>
      </symbol>
      <symbol id="sm-574">
         <name>__mspabi_slll_13</name>
         <value>0xd326</value>
         <object_component_ref idref="oc-54d"/>
      </symbol>
      <symbol id="sm-575">
         <name>__mspabi_slll_12</name>
         <value>0xd32a</value>
         <object_component_ref idref="oc-54d"/>
      </symbol>
      <symbol id="sm-576">
         <name>__mspabi_slll_11</name>
         <value>0xd32e</value>
         <object_component_ref idref="oc-54d"/>
      </symbol>
      <symbol id="sm-577">
         <name>__mspabi_slll_10</name>
         <value>0xd332</value>
         <object_component_ref idref="oc-54d"/>
      </symbol>
      <symbol id="sm-590">
         <name>__TI_wrt_ok</name>
         <value>0xccfa</value>
         <object_component_ref idref="oc-450"/>
      </symbol>
      <symbol id="sm-5a0">
         <name>fseek</name>
         <value>0xce48</value>
         <object_component_ref idref="oc-493"/>
      </symbol>
      <symbol id="sm-5ad">
         <name>lseek</name>
         <value>0xd51a</value>
         <object_component_ref idref="oc-4c6"/>
      </symbol>
      <symbol id="sm-5c5">
         <name>setvbuf</name>
         <value>0xc92e</value>
         <object_component_ref idref="oc-499"/>
      </symbol>
      <symbol id="sm-5d2">
         <name>strcpy</name>
         <value>0xd630</value>
         <object_component_ref idref="oc-556"/>
      </symbol>
      <symbol id="sm-623">
         <name>_sys_memory</name>
         <value>0x22fc</value>
         <object_component_ref idref="oc-27f"/>
      </symbol>
      <symbol id="sm-624">
         <name>free</name>
         <value>0xcc7a</value>
         <object_component_ref idref="oc-4ce"/>
      </symbol>
      <symbol id="sm-625">
         <name>malloc</name>
         <value>0xcabe</value>
         <object_component_ref idref="oc-4d4"/>
      </symbol>
      <symbol id="sm-626">
         <name>minit</name>
         <value>0xd3d2</value>
         <object_component_ref idref="oc-527"/>
      </symbol>
      <symbol id="sm-632">
         <name>__TI_cleanup</name>
         <value>0xd40a</value>
         <object_component_ref idref="oc-4da"/>
      </symbol>
      <symbol id="sm-644">
         <name>__TI_closefile</name>
         <value>0xceb2</value>
         <object_component_ref idref="oc-52e"/>
      </symbol>
      <symbol id="sm-663">
         <name>finddevice</name>
         <value>0xd46a</value>
         <object_component_ref idref="oc-5ab"/>
      </symbol>
      <symbol id="sm-664">
         <name>getdevice</name>
         <value>0xd0f2</value>
         <object_component_ref idref="oc-58d"/>
      </symbol>
      <symbol id="sm-674">
         <name>strchr</name>
         <value>0xd59a</value>
         <object_component_ref idref="oc-59f"/>
      </symbol>
      <symbol id="sm-682">
         <name>strcmp</name>
         <value>0xd5b4</value>
         <object_component_ref idref="oc-5be"/>
      </symbol>
      <symbol id="sm-692">
         <name>strncpy</name>
         <value>0xd4c4</value>
         <object_component_ref idref="oc-5a5"/>
      </symbol>
      <symbol id="sm-69e">
         <name>unlink</name>
         <value>0xd4f0</value>
         <object_component_ref idref="oc-56c"/>
      </symbol>
      <symbol id="sm-6b0">
         <name>close</name>
         <value>0xd146</value>
         <object_component_ref idref="oc-565"/>
      </symbol>
      <symbol id="sm-6b4">
         <name>remove</name>
         <value>0xd4f0</value>
      </symbol>
   </symbol_table>
   <title>Link successful</title>
</link_info>
